core_cm3.h:1876:26:ITM_SendChar	16	static,ignoring_inline_asm
main.c:50:5:InitSensors	24	static
main.c:89:6:SetupSingleShot	48	static
main.c:194:6:Sensor_SetNewRange	16	static
main.c:215:5:RangeDemo	24	static
main.c:264:5:_write	32	static
main.c:282:5:main	16	static
main.c:341:6:SystemClock_Config	80	static
main.c:382:13:MX_I2C1_Init	8	static
main.c:416:13:MX_USART2_UART_Init	8	static
main.c:449:13:MX_GPIO_Init	48	static
main.c:479:6:ITM_SendString	16	static
main.c:494:6:Error_Handler	4	static
